--- Logging error ---
Traceback (most recent call last):
  File "C:\Users\Part Laptop\AppData\Local\Python\pythoncore-3.14-64\Lib\logging\__init__.py", line 1154, in emit
    stream.write(msg + self.terminator)
    ~~~~~~~~~~~~^^^^^^^^^^^^^^^^^^^^^^^
ValueError: I/O operation on closed file.
Call stack:
  File "C:\Users\Part Laptop\RiskFree_Arbitrage\main.py", line 456, in <module>
    main()
  File "C:\Users\Part Laptop\RiskFree_Arbitrage\main.py", line 272, in main
    logger.info("Log file: %s", log_file.resolve())
Message: 'Log file: %s'
Arguments: (WindowsPath('C:/Users/Part Laptop/RiskFree_Arbitrage/logs/run_20260524_155643.log'),)
--- Logging error ---
Traceback (most recent call last):
  File "C:\Users\Part Laptop\AppData\Local\Python\pythoncore-3.14-64\Lib\logging\__init__.py", line 1154, in emit
    stream.write(msg + self.terminator)
    ~~~~~~~~~~~~^^^^^^^^^^^^^^^^^^^^^^^
ValueError: I/O operation on closed file.
Call stack:
  File "C:\Users\Part Laptop\RiskFree_Arbitrage\main.py", line 456, in <module>
    main()
  File "C:\Users\Part Laptop\RiskFree_Arbitrage\main.py", line 274, in main
    db         = Database()
  File "C:\Users\Part Laptop\RiskFree_Arbitrage\database.py", line 79, in __init__
    self._init()
  File "C:\Users\Part Laptop\RiskFree_Arbitrage\database.py", line 97, in _init
    logger.debug("Database initialised at %s", self.path)
Message: 'Database initialised at %s'
Arguments: (WindowsPath('data/arbitrage.db'),)
Traceback (most recent call last):
  File "C:\Users\Part Laptop\RiskFree_Arbitrage\main.py", line 456, in <module>
    main()
    ~~~~^^
  File "C:\Users\Part Laptop\RiskFree_Arbitrage\main.py", line 311, in main
    print("\n⏳ در حال اسکن ...")
    ~~~~~^^^^^^^^^^^^^^^^^^^^^^^^
ValueError: I/O operation on closed file.
